// Jest Snapshot v1, https://goo.gl/fbAQLP

exports[`Renders correctly, expect onpress to be defined, but not called 1`] = `
ShallowWrapper {
  "length": 1,
  Symbol(enzyme.__root__): [Circular],
  Symbol(enzyme.__unrendered__): <LoginScreen
    navigation={
      Object {
        "navigate": [MockFunction],
      }
    }
  />,
  Symbol(enzyme.__renderer__): Object {
    "batchedUpdates": [Function],
    "getNode": [Function],
    "render": [Function],
    "simulateEvent": [Function],
    "unmount": [Function],
  },
  Symbol(enzyme.__node__): Object {
    "instance": null,
    "key": undefined,
    "nodeType": "class",
    "props": Object {
      "children": Array [
        <Header
          title="This is Login Screen"
        />,
        <MainButton
          navigation={
            Object {
              "navigate": [MockFunction],
            }
          }
          resetStack={false}
          routeName="DrawerStack"
          title="Log In"
        />,
      ],
    },
    "ref": null,
    "rendered": Array [
      Object {
        "instance": null,
        "key": undefined,
        "nodeType": "function",
        "props": Object {
          "title": "This is Login Screen",
        },
        "ref": null,
        "rendered": null,
        "type": [Function],
      },
      Object {
        "instance": null,
        "key": undefined,
        "nodeType": "class",
        "props": Object {
          "navigation": Object {
            "navigate": [MockFunction],
          },
          "resetStack": false,
          "routeName": "DrawerStack",
          "title": "Log In",
        },
        "ref": null,
        "rendered": null,
        "type": [Function],
      },
    ],
    "type": [Function],
  },
  Symbol(enzyme.__nodes__): Array [
    Object {
      "instance": null,
      "key": undefined,
      "nodeType": "class",
      "props": Object {
        "children": Array [
          <Header
            title="This is Login Screen"
          />,
          <MainButton
            navigation={
              Object {
                "navigate": [MockFunction],
              }
            }
            resetStack={false}
            routeName="DrawerStack"
            title="Log In"
          />,
        ],
      },
      "ref": null,
      "rendered": Array [
        Object {
          "instance": null,
          "key": undefined,
          "nodeType": "function",
          "props": Object {
            "title": "This is Login Screen",
          },
          "ref": null,
          "rendered": null,
          "type": [Function],
        },
        Object {
          "instance": null,
          "key": undefined,
          "nodeType": "class",
          "props": Object {
            "navigation": Object {
              "navigate": [MockFunction],
            },
            "resetStack": false,
            "routeName": "DrawerStack",
            "title": "Log In",
          },
          "ref": null,
          "rendered": null,
          "type": [Function],
        },
      ],
      "type": [Function],
    },
  ],
  Symbol(enzyme.__options__): Object {
    "adapter": ReactSixteenAdapter {
      "options": Object {
        "enableComponentDidUpdateOnSetState": true,
      },
    },
  },
}
`;
