// Jest Snapshot v1, https://goo.gl/fbAQLP

exports[`Renders correctly, expect onpress to be defined, but not called 1`] = `
ShallowWrapper {
  "length": 1,
  Symbol(enzyme.__root__): [Circular],
  Symbol(enzyme.__unrendered__): <Header
    title="Header"
  />,
  Symbol(enzyme.__renderer__): Object {
    "batchedUpdates": [Function],
    "getNode": [Function],
    "render": [Function],
    "simulateEvent": [Function],
    "unmount": [Function],
  },
  Symbol(enzyme.__node__): Object {
    "instance": null,
    "key": undefined,
    "nodeType": "class",
    "props": Object {
      "accessible": true,
      "allowFontScaling": true,
      "children": "Header",
      "ellipsizeMode": "tail",
      "style": Array [
        Object {
          "fontSize": 20,
          "margin": 10,
          "textAlign": "center",
        },
        undefined,
      ],
    },
    "ref": null,
    "rendered": "Header",
    "type": [Function],
  },
  Symbol(enzyme.__nodes__): Array [
    Object {
      "instance": null,
      "key": undefined,
      "nodeType": "class",
      "props": Object {
        "accessible": true,
        "allowFontScaling": true,
        "children": "Header",
        "ellipsizeMode": "tail",
        "style": Array [
          Object {
            "fontSize": 20,
            "margin": 10,
            "textAlign": "center",
          },
          undefined,
        ],
      },
      "ref": null,
      "rendered": "Header",
      "type": [Function],
    },
  ],
  Symbol(enzyme.__options__): Object {
    "adapter": ReactSixteenAdapter {
      "options": Object {
        "enableComponentDidUpdateOnSetState": true,
      },
    },
  },
}
`;
