// Jest Snapshot v1, https://goo.gl/fbAQLP

exports[`Renders correctly, expect onpress to be defined, but not called 1`] = `
ShallowWrapper {
  "length": 1,
  Symbol(enzyme.__root__): [Circular],
  Symbol(enzyme.__unrendered__): <MainButton
    navigation={
      Object {
        "navigate": [MockFunction],
      }
    }
    onPress={[MockFunction]}
    resetStack={false}
    routeName="HomeScreen"
    title="Open HomeScreen"
  />,
  Symbol(enzyme.__renderer__): Object {
    "batchedUpdates": [Function],
    "getNode": [Function],
    "render": [Function],
    "simulateEvent": [Function],
    "unmount": [Function],
  },
  Symbol(enzyme.__node__): Object {
    "instance": null,
    "key": undefined,
    "nodeType": "class",
    "props": Object {
      "activeOpacity": 0.2,
      "children": <Text
        accessible={true}
        allowFontScaling={true}
        ellipsizeMode="tail"
        style={
          Object {
            "color": "#1a090d",
            "fontSize": 18,
          }
        }
      >
        Open HomeScreen
      </Text>,
      "onPress": [Function],
      "style": Object {
        "backgroundColor": "#fcc500",
        "borderRadius": 3,
        "padding": 10,
      },
    },
    "ref": null,
    "rendered": Object {
      "instance": null,
      "key": undefined,
      "nodeType": "class",
      "props": Object {
        "accessible": true,
        "allowFontScaling": true,
        "children": "Open HomeScreen",
        "ellipsizeMode": "tail",
        "style": Object {
          "color": "#1a090d",
          "fontSize": 18,
        },
      },
      "ref": null,
      "rendered": "Open HomeScreen",
      "type": [Function],
    },
    "type": [Function],
  },
  Symbol(enzyme.__nodes__): Array [
    Object {
      "instance": null,
      "key": undefined,
      "nodeType": "class",
      "props": Object {
        "activeOpacity": 0.2,
        "children": <Text
          accessible={true}
          allowFontScaling={true}
          ellipsizeMode="tail"
          style={
            Object {
              "color": "#1a090d",
              "fontSize": 18,
            }
          }
        >
          Open HomeScreen
        </Text>,
        "onPress": [Function],
        "style": Object {
          "backgroundColor": "#fcc500",
          "borderRadius": 3,
          "padding": 10,
        },
      },
      "ref": null,
      "rendered": Object {
        "instance": null,
        "key": undefined,
        "nodeType": "class",
        "props": Object {
          "accessible": true,
          "allowFontScaling": true,
          "children": "Open HomeScreen",
          "ellipsizeMode": "tail",
          "style": Object {
            "color": "#1a090d",
            "fontSize": 18,
          },
        },
        "ref": null,
        "rendered": "Open HomeScreen",
        "type": [Function],
      },
      "type": [Function],
    },
  ],
  Symbol(enzyme.__options__): Object {
    "adapter": ReactSixteenAdapter {
      "options": Object {
        "enableComponentDidUpdateOnSetState": true,
      },
    },
  },
}
`;
