// Jest Snapshot v1, https://goo.gl/fbAQLP

exports[`Renders correctly, expect onpress to be defined, but not called 1`] = `
ShallowWrapper {
  "length": 1,
  Symbol(enzyme.__root__): [Circular],
  Symbol(enzyme.__unrendered__): <ContentWrapper>
    Object {}
  </ContentWrapper>,
  Symbol(enzyme.__renderer__): Object {
    "batchedUpdates": [Function],
    "getNode": [Function],
    "render": [Function],
    "simulateEvent": [Function],
    "unmount": [Function],
  },
  Symbol(enzyme.__node__): Object {
    "instance": null,
    "key": undefined,
    "nodeType": "class",
    "props": Object {
      "children": Array [
        Object {},
        <Logo
          additionalStyle={Object {}}
          onPress={[Function]}
        />,
        <Component
          animationType="slide"
          hardwareAccelerated={false}
          onRequestClose={[Function]}
          url={
            Object {
              "uri": "https://selfmadedeveloper.com/",
            }
          }
          visible={false}
        >
          <Component
            style={
              Object {
                "flex": 1,
                "justifyContent": "center",
                "paddingTop": 20,
              }
            }
          >
            <Component
              style={
                Object {
                  "flexDirection": "row",
                  "justifyContent": "space-between",
                  "paddingHorizontal": 10,
                  "paddingVertical": 5,
                }
              }
            >
              <Icon
                allowFontScaling={false}
                name="ios-arrow-back"
                onPress={[Function]}
                size={25}
              />
              <Icon
                allowFontScaling={false}
                name="ios-browsers-outline"
                onPress={[Function]}
                size={25}
              />
            </Component>
            <WebView
              scalesPageToFit={true}
              source={
                Object {
                  "uri": "https://selfmadedeveloper.com/",
                }
              }
            />
          </Component>
        </Component>,
      ],
      "style": Array [
        Object {
          "alignItems": "center",
          "backgroundColor": "#F5FCFF",
          "flex": 1,
          "justifyContent": "center",
          "paddingTop": 250,
        },
        undefined,
      ],
    },
    "ref": null,
    "rendered": Array [
      Object {},
      Object {
        "instance": null,
        "key": undefined,
        "nodeType": "function",
        "props": Object {
          "additionalStyle": Object {},
          "onPress": [Function],
        },
        "ref": null,
        "rendered": null,
        "type": [Function],
      },
      Object {
        "instance": null,
        "key": undefined,
        "nodeType": "class",
        "props": Object {
          "animationType": "slide",
          "children": <Component
            style={
              Object {
                "flex": 1,
                "justifyContent": "center",
                "paddingTop": 20,
              }
            }
          >
            <Component
              style={
                Object {
                  "flexDirection": "row",
                  "justifyContent": "space-between",
                  "paddingHorizontal": 10,
                  "paddingVertical": 5,
                }
              }
            >
              <Icon
                allowFontScaling={false}
                name="ios-arrow-back"
                onPress={[Function]}
                size={25}
              />
              <Icon
                allowFontScaling={false}
                name="ios-browsers-outline"
                onPress={[Function]}
                size={25}
              />
            </Component>
            <WebView
              scalesPageToFit={true}
              source={
                Object {
                  "uri": "https://selfmadedeveloper.com/",
                }
              }
            />
          </Component>,
          "hardwareAccelerated": false,
          "onRequestClose": [Function],
          "url": Object {
            "uri": "https://selfmadedeveloper.com/",
          },
          "visible": false,
        },
        "ref": null,
        "rendered": Object {
          "instance": null,
          "key": undefined,
          "nodeType": "class",
          "props": Object {
            "children": Array [
              <Component
                style={
                  Object {
                    "flexDirection": "row",
                    "justifyContent": "space-between",
                    "paddingHorizontal": 10,
                    "paddingVertical": 5,
                  }
                }
              >
                <Icon
                  allowFontScaling={false}
                  name="ios-arrow-back"
                  onPress={[Function]}
                  size={25}
                />
                <Icon
                  allowFontScaling={false}
                  name="ios-browsers-outline"
                  onPress={[Function]}
                  size={25}
                />
              </Component>,
              <WebView
                scalesPageToFit={true}
                source={
                  Object {
                    "uri": "https://selfmadedeveloper.com/",
                  }
                }
              />,
            ],
            "style": Object {
              "flex": 1,
              "justifyContent": "center",
              "paddingTop": 20,
            },
          },
          "ref": null,
          "rendered": Array [
            Object {
              "instance": null,
              "key": undefined,
              "nodeType": "class",
              "props": Object {
                "children": Array [
                  <Icon
                    allowFontScaling={false}
                    name="ios-arrow-back"
                    onPress={[Function]}
                    size={25}
                  />,
                  <Icon
                    allowFontScaling={false}
                    name="ios-browsers-outline"
                    onPress={[Function]}
                    size={25}
                  />,
                ],
                "style": Object {
                  "flexDirection": "row",
                  "justifyContent": "space-between",
                  "paddingHorizontal": 10,
                  "paddingVertical": 5,
                },
              },
              "ref": null,
              "rendered": Array [
                Object {
                  "instance": null,
                  "key": undefined,
                  "nodeType": "class",
                  "props": Object {
                    "allowFontScaling": false,
                    "name": "ios-arrow-back",
                    "onPress": [Function],
                    "size": 25,
                  },
                  "ref": null,
                  "rendered": null,
                  "type": [Function],
                },
                Object {
                  "instance": null,
                  "key": undefined,
                  "nodeType": "class",
                  "props": Object {
                    "allowFontScaling": false,
                    "name": "ios-browsers-outline",
                    "onPress": [Function],
                    "size": 25,
                  },
                  "ref": null,
                  "rendered": null,
                  "type": [Function],
                },
              ],
              "type": [Function],
            },
            Object {
              "instance": null,
              "key": undefined,
              "nodeType": "class",
              "props": Object {
                "scalesPageToFit": true,
                "source": Object {
                  "uri": "https://selfmadedeveloper.com/",
                },
              },
              "ref": null,
              "rendered": null,
              "type": [Function],
            },
          ],
          "type": [Function],
        },
        "type": [Function],
      },
    ],
    "type": [Function],
  },
  Symbol(enzyme.__nodes__): Array [
    Object {
      "instance": null,
      "key": undefined,
      "nodeType": "class",
      "props": Object {
        "children": Array [
          Object {},
          <Logo
            additionalStyle={Object {}}
            onPress={[Function]}
          />,
          <Component
            animationType="slide"
            hardwareAccelerated={false}
            onRequestClose={[Function]}
            url={
              Object {
                "uri": "https://selfmadedeveloper.com/",
              }
            }
            visible={false}
          >
            <Component
              style={
                Object {
                  "flex": 1,
                  "justifyContent": "center",
                  "paddingTop": 20,
                }
              }
            >
              <Component
                style={
                  Object {
                    "flexDirection": "row",
                    "justifyContent": "space-between",
                    "paddingHorizontal": 10,
                    "paddingVertical": 5,
                  }
                }
              >
                <Icon
                  allowFontScaling={false}
                  name="ios-arrow-back"
                  onPress={[Function]}
                  size={25}
                />
                <Icon
                  allowFontScaling={false}
                  name="ios-browsers-outline"
                  onPress={[Function]}
                  size={25}
                />
              </Component>
              <WebView
                scalesPageToFit={true}
                source={
                  Object {
                    "uri": "https://selfmadedeveloper.com/",
                  }
                }
              />
            </Component>
          </Component>,
        ],
        "style": Array [
          Object {
            "alignItems": "center",
            "backgroundColor": "#F5FCFF",
            "flex": 1,
            "justifyContent": "center",
            "paddingTop": 250,
          },
          undefined,
        ],
      },
      "ref": null,
      "rendered": Array [
        Object {},
        Object {
          "instance": null,
          "key": undefined,
          "nodeType": "function",
          "props": Object {
            "additionalStyle": Object {},
            "onPress": [Function],
          },
          "ref": null,
          "rendered": null,
          "type": [Function],
        },
        Object {
          "instance": null,
          "key": undefined,
          "nodeType": "class",
          "props": Object {
            "animationType": "slide",
            "children": <Component
              style={
                Object {
                  "flex": 1,
                  "justifyContent": "center",
                  "paddingTop": 20,
                }
              }
            >
              <Component
                style={
                  Object {
                    "flexDirection": "row",
                    "justifyContent": "space-between",
                    "paddingHorizontal": 10,
                    "paddingVertical": 5,
                  }
                }
              >
                <Icon
                  allowFontScaling={false}
                  name="ios-arrow-back"
                  onPress={[Function]}
                  size={25}
                />
                <Icon
                  allowFontScaling={false}
                  name="ios-browsers-outline"
                  onPress={[Function]}
                  size={25}
                />
              </Component>
              <WebView
                scalesPageToFit={true}
                source={
                  Object {
                    "uri": "https://selfmadedeveloper.com/",
                  }
                }
              />
            </Component>,
            "hardwareAccelerated": false,
            "onRequestClose": [Function],
            "url": Object {
              "uri": "https://selfmadedeveloper.com/",
            },
            "visible": false,
          },
          "ref": null,
          "rendered": Object {
            "instance": null,
            "key": undefined,
            "nodeType": "class",
            "props": Object {
              "children": Array [
                <Component
                  style={
                    Object {
                      "flexDirection": "row",
                      "justifyContent": "space-between",
                      "paddingHorizontal": 10,
                      "paddingVertical": 5,
                    }
                  }
                >
                  <Icon
                    allowFontScaling={false}
                    name="ios-arrow-back"
                    onPress={[Function]}
                    size={25}
                  />
                  <Icon
                    allowFontScaling={false}
                    name="ios-browsers-outline"
                    onPress={[Function]}
                    size={25}
                  />
                </Component>,
                <WebView
                  scalesPageToFit={true}
                  source={
                    Object {
                      "uri": "https://selfmadedeveloper.com/",
                    }
                  }
                />,
              ],
              "style": Object {
                "flex": 1,
                "justifyContent": "center",
                "paddingTop": 20,
              },
            },
            "ref": null,
            "rendered": Array [
              Object {
                "instance": null,
                "key": undefined,
                "nodeType": "class",
                "props": Object {
                  "children": Array [
                    <Icon
                      allowFontScaling={false}
                      name="ios-arrow-back"
                      onPress={[Function]}
                      size={25}
                    />,
                    <Icon
                      allowFontScaling={false}
                      name="ios-browsers-outline"
                      onPress={[Function]}
                      size={25}
                    />,
                  ],
                  "style": Object {
                    "flexDirection": "row",
                    "justifyContent": "space-between",
                    "paddingHorizontal": 10,
                    "paddingVertical": 5,
                  },
                },
                "ref": null,
                "rendered": Array [
                  Object {
                    "instance": null,
                    "key": undefined,
                    "nodeType": "class",
                    "props": Object {
                      "allowFontScaling": false,
                      "name": "ios-arrow-back",
                      "onPress": [Function],
                      "size": 25,
                    },
                    "ref": null,
                    "rendered": null,
                    "type": [Function],
                  },
                  Object {
                    "instance": null,
                    "key": undefined,
                    "nodeType": "class",
                    "props": Object {
                      "allowFontScaling": false,
                      "name": "ios-browsers-outline",
                      "onPress": [Function],
                      "size": 25,
                    },
                    "ref": null,
                    "rendered": null,
                    "type": [Function],
                  },
                ],
                "type": [Function],
              },
              Object {
                "instance": null,
                "key": undefined,
                "nodeType": "class",
                "props": Object {
                  "scalesPageToFit": true,
                  "source": Object {
                    "uri": "https://selfmadedeveloper.com/",
                  },
                },
                "ref": null,
                "rendered": null,
                "type": [Function],
              },
            ],
            "type": [Function],
          },
          "type": [Function],
        },
      ],
      "type": [Function],
    },
  ],
  Symbol(enzyme.__options__): Object {
    "adapter": ReactSixteenAdapter {
      "options": Object {
        "enableComponentDidUpdateOnSetState": true,
      },
    },
  },
}
`;
