// Jest Snapshot v1, https://goo.gl/fbAQLP

exports[`Renders correctly, expect onpress to be defined, but not called 1`] = `
ShallowWrapper {
  "length": 1,
  Symbol(enzyme.__root__): [Circular],
  Symbol(enzyme.__unrendered__): <HomeScreen
    navigation={
      Object {
        "navigate": [MockFunction],
      }
    }
  />,
  Symbol(enzyme.__renderer__): Object {
    "batchedUpdates": [Function],
    "getNode": [Function],
    "render": [Function],
    "simulateEvent": [Function],
    "unmount": [Function],
  },
  Symbol(enzyme.__node__): Object {
    "instance": null,
    "key": undefined,
    "nodeType": "class",
    "props": Object {
      "children": Array [
        <Header
          title="Netguru React Native Boilerplate"
        />,
        <MainButton
          navigation={
            Object {
              "navigate": [MockFunction],
            }
          }
          resetStack={false}
          routeName="Second"
          title="Second Screen"
        />,
        <Component
          style={
            Object {
              "display": "none",
              "flex": 1,
              "flexDirection": "column",
            }
          }
        >
          <Component
            style={
              Array [
                Object {
                  "flex": 2,
                  "justifyContent": "center",
                },
                Object {
                  "backgroundColor": "#fcc500",
                },
              ]
            }
          >
            <Text
              accessible={true}
              allowFontScaling={true}
              ellipsizeMode="tail"
              style={
                Array [
                  Object {
                    "fontSize": 25,
                    "paddingHorizontal": 10,
                    "textAlign": "center",
                  },
                  Object {
                    "color": "#1a090d",
                  },
                ]
              }
            >
              Mobile Discussion Panel
            </Text>
          </Component>
          <Component
            style={
              Array [
                Object {
                  "flex": 2,
                  "justifyContent": "center",
                },
                Object {
                  "backgroundColor": "#1a090d",
                },
              ]
            }
          >
            <Text
              accessible={true}
              allowFontScaling={true}
              ellipsizeMode="tail"
              style={
                Array [
                  Object {
                    "fontSize": 25,
                    "paddingHorizontal": 10,
                    "textAlign": "center",
                  },
                  Object {
                    "color": "#F5FCFF",
                  },
                ]
              }
            >
              Are you ready to Rock?
            </Text>
          </Component>
        </Component>,
      ],
    },
    "ref": null,
    "rendered": Array [
      Object {
        "instance": null,
        "key": undefined,
        "nodeType": "function",
        "props": Object {
          "title": "Netguru React Native Boilerplate",
        },
        "ref": null,
        "rendered": null,
        "type": [Function],
      },
      Object {
        "instance": null,
        "key": undefined,
        "nodeType": "class",
        "props": Object {
          "navigation": Object {
            "navigate": [MockFunction],
          },
          "resetStack": false,
          "routeName": "Second",
          "title": "Second Screen",
        },
        "ref": null,
        "rendered": null,
        "type": [Function],
      },
      Object {
        "instance": null,
        "key": undefined,
        "nodeType": "class",
        "props": Object {
          "children": Array [
            <Component
              style={
                Array [
                  Object {
                    "flex": 2,
                    "justifyContent": "center",
                  },
                  Object {
                    "backgroundColor": "#fcc500",
                  },
                ]
              }
            >
              <Text
                accessible={true}
                allowFontScaling={true}
                ellipsizeMode="tail"
                style={
                  Array [
                    Object {
                      "fontSize": 25,
                      "paddingHorizontal": 10,
                      "textAlign": "center",
                    },
                    Object {
                      "color": "#1a090d",
                    },
                  ]
                }
              >
                Mobile Discussion Panel
              </Text>
            </Component>,
            <Component
              style={
                Array [
                  Object {
                    "flex": 2,
                    "justifyContent": "center",
                  },
                  Object {
                    "backgroundColor": "#1a090d",
                  },
                ]
              }
            >
              <Text
                accessible={true}
                allowFontScaling={true}
                ellipsizeMode="tail"
                style={
                  Array [
                    Object {
                      "fontSize": 25,
                      "paddingHorizontal": 10,
                      "textAlign": "center",
                    },
                    Object {
                      "color": "#F5FCFF",
                    },
                  ]
                }
              >
                Are you ready to Rock?
              </Text>
            </Component>,
          ],
          "style": Object {
            "display": "none",
            "flex": 1,
            "flexDirection": "column",
          },
        },
        "ref": null,
        "rendered": Array [
          Object {
            "instance": null,
            "key": undefined,
            "nodeType": "class",
            "props": Object {
              "children": <Text
                accessible={true}
                allowFontScaling={true}
                ellipsizeMode="tail"
                style={
                  Array [
                    Object {
                      "fontSize": 25,
                      "paddingHorizontal": 10,
                      "textAlign": "center",
                    },
                    Object {
                      "color": "#1a090d",
                    },
                  ]
                }
              >
                Mobile Discussion Panel
              </Text>,
              "style": Array [
                Object {
                  "flex": 2,
                  "justifyContent": "center",
                },
                Object {
                  "backgroundColor": "#fcc500",
                },
              ],
            },
            "ref": null,
            "rendered": Object {
              "instance": null,
              "key": undefined,
              "nodeType": "class",
              "props": Object {
                "accessible": true,
                "allowFontScaling": true,
                "children": "Mobile Discussion Panel",
                "ellipsizeMode": "tail",
                "style": Array [
                  Object {
                    "fontSize": 25,
                    "paddingHorizontal": 10,
                    "textAlign": "center",
                  },
                  Object {
                    "color": "#1a090d",
                  },
                ],
              },
              "ref": null,
              "rendered": "Mobile Discussion Panel",
              "type": [Function],
            },
            "type": [Function],
          },
          Object {
            "instance": null,
            "key": undefined,
            "nodeType": "class",
            "props": Object {
              "children": <Text
                accessible={true}
                allowFontScaling={true}
                ellipsizeMode="tail"
                style={
                  Array [
                    Object {
                      "fontSize": 25,
                      "paddingHorizontal": 10,
                      "textAlign": "center",
                    },
                    Object {
                      "color": "#F5FCFF",
                    },
                  ]
                }
              >
                Are you ready to Rock?
              </Text>,
              "style": Array [
                Object {
                  "flex": 2,
                  "justifyContent": "center",
                },
                Object {
                  "backgroundColor": "#1a090d",
                },
              ],
            },
            "ref": null,
            "rendered": Object {
              "instance": null,
              "key": undefined,
              "nodeType": "class",
              "props": Object {
                "accessible": true,
                "allowFontScaling": true,
                "children": "Are you ready to Rock?",
                "ellipsizeMode": "tail",
                "style": Array [
                  Object {
                    "fontSize": 25,
                    "paddingHorizontal": 10,
                    "textAlign": "center",
                  },
                  Object {
                    "color": "#F5FCFF",
                  },
                ],
              },
              "ref": null,
              "rendered": "Are you ready to Rock?",
              "type": [Function],
            },
            "type": [Function],
          },
        ],
        "type": [Function],
      },
    ],
    "type": [Function],
  },
  Symbol(enzyme.__nodes__): Array [
    Object {
      "instance": null,
      "key": undefined,
      "nodeType": "class",
      "props": Object {
        "children": Array [
          <Header
            title="Netguru React Native Boilerplate"
          />,
          <MainButton
            navigation={
              Object {
                "navigate": [MockFunction],
              }
            }
            resetStack={false}
            routeName="Second"
            title="Second Screen"
          />,
          <Component
            style={
              Object {
                "display": "none",
                "flex": 1,
                "flexDirection": "column",
              }
            }
          >
            <Component
              style={
                Array [
                  Object {
                    "flex": 2,
                    "justifyContent": "center",
                  },
                  Object {
                    "backgroundColor": "#fcc500",
                  },
                ]
              }
            >
              <Text
                accessible={true}
                allowFontScaling={true}
                ellipsizeMode="tail"
                style={
                  Array [
                    Object {
                      "fontSize": 25,
                      "paddingHorizontal": 10,
                      "textAlign": "center",
                    },
                    Object {
                      "color": "#1a090d",
                    },
                  ]
                }
              >
                Mobile Discussion Panel
              </Text>
            </Component>
            <Component
              style={
                Array [
                  Object {
                    "flex": 2,
                    "justifyContent": "center",
                  },
                  Object {
                    "backgroundColor": "#1a090d",
                  },
                ]
              }
            >
              <Text
                accessible={true}
                allowFontScaling={true}
                ellipsizeMode="tail"
                style={
                  Array [
                    Object {
                      "fontSize": 25,
                      "paddingHorizontal": 10,
                      "textAlign": "center",
                    },
                    Object {
                      "color": "#F5FCFF",
                    },
                  ]
                }
              >
                Are you ready to Rock?
              </Text>
            </Component>
          </Component>,
        ],
      },
      "ref": null,
      "rendered": Array [
        Object {
          "instance": null,
          "key": undefined,
          "nodeType": "function",
          "props": Object {
            "title": "Netguru React Native Boilerplate",
          },
          "ref": null,
          "rendered": null,
          "type": [Function],
        },
        Object {
          "instance": null,
          "key": undefined,
          "nodeType": "class",
          "props": Object {
            "navigation": Object {
              "navigate": [MockFunction],
            },
            "resetStack": false,
            "routeName": "Second",
            "title": "Second Screen",
          },
          "ref": null,
          "rendered": null,
          "type": [Function],
        },
        Object {
          "instance": null,
          "key": undefined,
          "nodeType": "class",
          "props": Object {
            "children": Array [
              <Component
                style={
                  Array [
                    Object {
                      "flex": 2,
                      "justifyContent": "center",
                    },
                    Object {
                      "backgroundColor": "#fcc500",
                    },
                  ]
                }
              >
                <Text
                  accessible={true}
                  allowFontScaling={true}
                  ellipsizeMode="tail"
                  style={
                    Array [
                      Object {
                        "fontSize": 25,
                        "paddingHorizontal": 10,
                        "textAlign": "center",
                      },
                      Object {
                        "color": "#1a090d",
                      },
                    ]
                  }
                >
                  Mobile Discussion Panel
                </Text>
              </Component>,
              <Component
                style={
                  Array [
                    Object {
                      "flex": 2,
                      "justifyContent": "center",
                    },
                    Object {
                      "backgroundColor": "#1a090d",
                    },
                  ]
                }
              >
                <Text
                  accessible={true}
                  allowFontScaling={true}
                  ellipsizeMode="tail"
                  style={
                    Array [
                      Object {
                        "fontSize": 25,
                        "paddingHorizontal": 10,
                        "textAlign": "center",
                      },
                      Object {
                        "color": "#F5FCFF",
                      },
                    ]
                  }
                >
                  Are you ready to Rock?
                </Text>
              </Component>,
            ],
            "style": Object {
              "display": "none",
              "flex": 1,
              "flexDirection": "column",
            },
          },
          "ref": null,
          "rendered": Array [
            Object {
              "instance": null,
              "key": undefined,
              "nodeType": "class",
              "props": Object {
                "children": <Text
                  accessible={true}
                  allowFontScaling={true}
                  ellipsizeMode="tail"
                  style={
                    Array [
                      Object {
                        "fontSize": 25,
                        "paddingHorizontal": 10,
                        "textAlign": "center",
                      },
                      Object {
                        "color": "#1a090d",
                      },
                    ]
                  }
                >
                  Mobile Discussion Panel
                </Text>,
                "style": Array [
                  Object {
                    "flex": 2,
                    "justifyContent": "center",
                  },
                  Object {
                    "backgroundColor": "#fcc500",
                  },
                ],
              },
              "ref": null,
              "rendered": Object {
                "instance": null,
                "key": undefined,
                "nodeType": "class",
                "props": Object {
                  "accessible": true,
                  "allowFontScaling": true,
                  "children": "Mobile Discussion Panel",
                  "ellipsizeMode": "tail",
                  "style": Array [
                    Object {
                      "fontSize": 25,
                      "paddingHorizontal": 10,
                      "textAlign": "center",
                    },
                    Object {
                      "color": "#1a090d",
                    },
                  ],
                },
                "ref": null,
                "rendered": "Mobile Discussion Panel",
                "type": [Function],
              },
              "type": [Function],
            },
            Object {
              "instance": null,
              "key": undefined,
              "nodeType": "class",
              "props": Object {
                "children": <Text
                  accessible={true}
                  allowFontScaling={true}
                  ellipsizeMode="tail"
                  style={
                    Array [
                      Object {
                        "fontSize": 25,
                        "paddingHorizontal": 10,
                        "textAlign": "center",
                      },
                      Object {
                        "color": "#F5FCFF",
                      },
                    ]
                  }
                >
                  Are you ready to Rock?
                </Text>,
                "style": Array [
                  Object {
                    "flex": 2,
                    "justifyContent": "center",
                  },
                  Object {
                    "backgroundColor": "#1a090d",
                  },
                ],
              },
              "ref": null,
              "rendered": Object {
                "instance": null,
                "key": undefined,
                "nodeType": "class",
                "props": Object {
                  "accessible": true,
                  "allowFontScaling": true,
                  "children": "Are you ready to Rock?",
                  "ellipsizeMode": "tail",
                  "style": Array [
                    Object {
                      "fontSize": 25,
                      "paddingHorizontal": 10,
                      "textAlign": "center",
                    },
                    Object {
                      "color": "#F5FCFF",
                    },
                  ],
                },
                "ref": null,
                "rendered": "Are you ready to Rock?",
                "type": [Function],
              },
              "type": [Function],
            },
          ],
          "type": [Function],
        },
      ],
      "type": [Function],
    },
  ],
  Symbol(enzyme.__options__): Object {
    "adapter": ReactSixteenAdapter {
      "options": Object {
        "enableComponentDidUpdateOnSetState": true,
      },
    },
  },
}
`;
