// Jest Snapshot v1, https://goo.gl/fbAQLP

exports[`Renders correctly, expect onpress to be defined, but not called 1`] = `
ShallowWrapper {
  "length": 1,
  Symbol(enzyme.__root__): [Circular],
  Symbol(enzyme.__unrendered__): <HomeScreen
    navigation={
      Object {
        "navigate": [MockFunction],
      }
    }
    onPress={[MockFunction]}
  />,
  Symbol(enzyme.__renderer__): Object {
    "batchedUpdates": [Function],
    "getNode": [Function],
    "render": [Function],
    "simulateEvent": [Function],
    "unmount": [Function],
  },
  Symbol(enzyme.__node__): Object {
    "instance": null,
    "key": undefined,
    "nodeType": "class",
    "props": Object {
      "children": Array [
        <Text
          accessible={true}
          allowFontScaling={true}
          ellipsizeMode="tail"
          style={
            Object {
              "fontSize": 20,
              "margin": 10,
              "textAlign": "center",
            }
          }
        >
          Welcome to Home Screen
        </Text>,
        <TouchableOpacity
          activeOpacity={0.2}
          onPress={[Function]}
          testID="second"
          title="Goto Second"
        >
          <Text
            accessible={true}
            allowFontScaling={true}
            ellipsizeMode="tail"
            style={
              Object {
                "color": "#00d664",
                "fontSize": 18,
              }
            }
          >
            Goto Second
          </Text>
        </TouchableOpacity>,
      ],
      "style": Object {
        "alignItems": "center",
        "backgroundColor": "#F5FCFF",
        "flex": 1,
        "justifyContent": "center",
      },
    },
    "ref": null,
    "rendered": Array [
      Object {
        "instance": null,
        "key": undefined,
        "nodeType": "class",
        "props": Object {
          "accessible": true,
          "allowFontScaling": true,
          "children": "Welcome to Home Screen",
          "ellipsizeMode": "tail",
          "style": Object {
            "fontSize": 20,
            "margin": 10,
            "textAlign": "center",
          },
        },
        "ref": null,
        "rendered": "Welcome to Home Screen",
        "type": [Function],
      },
      Object {
        "instance": null,
        "key": undefined,
        "nodeType": "class",
        "props": Object {
          "activeOpacity": 0.2,
          "children": <Text
            accessible={true}
            allowFontScaling={true}
            ellipsizeMode="tail"
            style={
              Object {
                "color": "#00d664",
                "fontSize": 18,
              }
            }
          >
            Goto Second
          </Text>,
          "onPress": [Function],
          "testID": "second",
          "title": "Goto Second",
        },
        "ref": null,
        "rendered": Object {
          "instance": null,
          "key": undefined,
          "nodeType": "class",
          "props": Object {
            "accessible": true,
            "allowFontScaling": true,
            "children": "Goto Second",
            "ellipsizeMode": "tail",
            "style": Object {
              "color": "#00d664",
              "fontSize": 18,
            },
          },
          "ref": null,
          "rendered": "Goto Second",
          "type": [Function],
        },
        "type": [Function],
      },
    ],
    "type": [Function],
  },
  Symbol(enzyme.__nodes__): Array [
    Object {
      "instance": null,
      "key": undefined,
      "nodeType": "class",
      "props": Object {
        "children": Array [
          <Text
            accessible={true}
            allowFontScaling={true}
            ellipsizeMode="tail"
            style={
              Object {
                "fontSize": 20,
                "margin": 10,
                "textAlign": "center",
              }
            }
          >
            Welcome to Home Screen
          </Text>,
          <TouchableOpacity
            activeOpacity={0.2}
            onPress={[Function]}
            testID="second"
            title="Goto Second"
          >
            <Text
              accessible={true}
              allowFontScaling={true}
              ellipsizeMode="tail"
              style={
                Object {
                  "color": "#00d664",
                  "fontSize": 18,
                }
              }
            >
              Goto Second
            </Text>
          </TouchableOpacity>,
        ],
        "style": Object {
          "alignItems": "center",
          "backgroundColor": "#F5FCFF",
          "flex": 1,
          "justifyContent": "center",
        },
      },
      "ref": null,
      "rendered": Array [
        Object {
          "instance": null,
          "key": undefined,
          "nodeType": "class",
          "props": Object {
            "accessible": true,
            "allowFontScaling": true,
            "children": "Welcome to Home Screen",
            "ellipsizeMode": "tail",
            "style": Object {
              "fontSize": 20,
              "margin": 10,
              "textAlign": "center",
            },
          },
          "ref": null,
          "rendered": "Welcome to Home Screen",
          "type": [Function],
        },
        Object {
          "instance": null,
          "key": undefined,
          "nodeType": "class",
          "props": Object {
            "activeOpacity": 0.2,
            "children": <Text
              accessible={true}
              allowFontScaling={true}
              ellipsizeMode="tail"
              style={
                Object {
                  "color": "#00d664",
                  "fontSize": 18,
                }
              }
            >
              Goto Second
            </Text>,
            "onPress": [Function],
            "testID": "second",
            "title": "Goto Second",
          },
          "ref": null,
          "rendered": Object {
            "instance": null,
            "key": undefined,
            "nodeType": "class",
            "props": Object {
              "accessible": true,
              "allowFontScaling": true,
              "children": "Goto Second",
              "ellipsizeMode": "tail",
              "style": Object {
                "color": "#00d664",
                "fontSize": 18,
              },
            },
            "ref": null,
            "rendered": "Goto Second",
            "type": [Function],
          },
          "type": [Function],
        },
      ],
      "type": [Function],
    },
  ],
  Symbol(enzyme.__options__): Object {
    "adapter": ReactSixteenAdapter {
      "options": Object {
        "enableComponentDidUpdateOnSetState": true,
      },
    },
  },
}
`;
